[ 2025-07-26 16:05:28,901 ] 46 root - INFO - Enterd into initiate predict model
[ 2025-07-26 16:05:32,124 ] 17 root - INFO - Error occured in python script name at G:\RealtimeProjects\Tut End to End ML\src\pipeline\predicting_pipeline.py on line number 49 error messgae 'PredictingPipelineConfig' object has no attribute 'tfidf_pipe'
[ 2025-07-26 16:05:32,124 ] 17 root - INFO - Error occured in python script name at G:\RealtimeProjects\Tut End to End ML\main.py on line number 34 error messgae Error occured in python script name at G:\RealtimeProjects\Tut End to End ML\src\pipeline\predicting_pipeline.py on line number 49 error messgae 'PredictingPipelineConfig' object has no attribute 'tfidf_pipe'
[ 2025-07-26 16:06:43,893 ] 46 root - INFO - Enterd into initiate predict model
[ 2025-07-26 16:06:46,958 ] 17 root - INFO - Error occured in python script name at G:\RealtimeProjects\Tut End to End ML\src\utils.py on line number 88 error messgae [Errno 2] No such file or directory: 'artifacts\\tfidf_piplin.pkl'
[ 2025-07-26 16:06:46,958 ] 17 root - INFO - Error occured in python script name at G:\RealtimeProjects\Tut End to End ML\src\pipeline\predicting_pipeline.py on line number 49 error messgae Error occured in python script name at G:\RealtimeProjects\Tut End to End ML\src\utils.py on line number 88 error messgae [Errno 2] No such file or directory: 'artifacts\\tfidf_piplin.pkl'
[ 2025-07-26 16:06:46,958 ] 17 root - INFO - Error occured in python script name at G:\RealtimeProjects\Tut End to End ML\main.py on line number 34 error messgae Error occured in python script name at G:\RealtimeProjects\Tut End to End ML\src\pipeline\predicting_pipeline.py on line number 49 error messgae Error occured in python script name at G:\RealtimeProjects\Tut End to End ML\src\utils.py on line number 88 error messgae [Errno 2] No such file or directory: 'artifacts\\tfidf_piplin.pkl'
[ 2025-07-26 16:08:04,268 ] 46 root - INFO - Enterd into initiate predict model
[ 2025-07-26 16:08:07,467 ] 17 root - INFO - Error occured in python script name at G:\RealtimeProjects\Tut End to End ML\src\pipeline\predicting_pipeline.py on line number 52 error messgae Iterable over raw text documents expected, string object received.
[ 2025-07-26 16:08:07,467 ] 17 root - INFO - Error occured in python script name at G:\RealtimeProjects\Tut End to End ML\main.py on line number 36 error messgae Error occured in python script name at G:\RealtimeProjects\Tut End to End ML\src\pipeline\predicting_pipeline.py on line number 52 error messgae Iterable over raw text documents expected, string object received.
[ 2025-07-26 16:09:47,433 ] 46 root - INFO - Enterd into initiate predict model
[ 2025-07-26 16:09:50,577 ] 17 root - INFO - Error occured in python script name at G:\RealtimeProjects\Tut End to End ML\src\pipeline\predicting_pipeline.py on line number 53 error messgae Iterable over raw text documents expected, string object received.
[ 2025-07-26 16:09:50,577 ] 17 root - INFO - Error occured in python script name at G:\RealtimeProjects\Tut End to End ML\main.py on line number 36 error messgae Error occured in python script name at G:\RealtimeProjects\Tut End to End ML\src\pipeline\predicting_pipeline.py on line number 53 error messgae Iterable over raw text documents expected, string object received.
[ 2025-07-26 16:10:12,919 ] 46 root - INFO - Enterd into initiate predict model
[ 2025-07-26 16:10:16,626 ] 17 root - INFO - Error occured in python script name at G:\RealtimeProjects\Tut End to End ML\src\pipeline\predicting_pipeline.py on line number 53 error messgae Iterable over raw text documents expected, string object received.
[ 2025-07-26 16:10:16,627 ] 17 root - INFO - Error occured in python script name at G:\RealtimeProjects\Tut End to End ML\main.py on line number 36 error messgae Error occured in python script name at G:\RealtimeProjects\Tut End to End ML\src\pipeline\predicting_pipeline.py on line number 53 error messgae Iterable over raw text documents expected, string object received.
[ 2025-07-26 16:12:20,715 ] 46 root - INFO - Enterd into initiate predict model
[ 2025-07-26 16:12:23,994 ] 57 root - INFO - Predicting...
[ 2025-07-26 16:12:23,995 ] 32 root - INFO - Entered response method 
[ 2025-07-26 16:12:23,995 ] 17 root - INFO - Error occured in python script name at G:\RealtimeProjects\Tut End to End ML\src\pipeline\predicting_pipeline.py on line number 33 error messgae cannot access local variable 'intent' where it is not associated with a value
[ 2025-07-26 16:12:23,995 ] 17 root - INFO - Error occured in python script name at G:\RealtimeProjects\Tut End to End ML\src\pipeline\predicting_pipeline.py on line number 63 error messgae Error occured in python script name at G:\RealtimeProjects\Tut End to End ML\src\pipeline\predicting_pipeline.py on line number 33 error messgae cannot access local variable 'intent' where it is not associated with a value
[ 2025-07-26 16:12:23,995 ] 17 root - INFO - Error occured in python script name at G:\RealtimeProjects\Tut End to End ML\main.py on line number 36 error messgae Error occured in python script name at G:\RealtimeProjects\Tut End to End ML\src\pipeline\predicting_pipeline.py on line number 63 error messgae Error occured in python script name at G:\RealtimeProjects\Tut End to End ML\src\pipeline\predicting_pipeline.py on line number 33 error messgae cannot access local variable 'intent' where it is not associated with a value
[ 2025-07-26 16:13:34,830 ] 46 root - INFO - Enterd into initiate predict model
[ 2025-07-26 16:13:37,991 ] 57 root - INFO - Predicting...
[ 2025-07-26 16:13:37,991 ] 32 root - INFO - Entered response method 
[ 2025-07-26 16:13:37,994 ] 65 root - INFO - Respose are : Thank you for reaching out! I'm here to assist you with checking the current status of your purchase with the purchase number {{Order Number}}. To see the status of your purchase, please visit the 'Order History' section on our website. If you're having trouble locating the status, I can guide you step-by-step. Just let me know!
[ 2025-07-26 16:14:06,643 ] 46 root - INFO - Enterd into initiate predict model
[ 2025-07-26 16:14:09,947 ] 54 root - INFO - Predicting...
[ 2025-07-26 16:14:09,948 ] 32 root - INFO - Entered response method 
[ 2025-07-26 16:14:09,950 ] 62 root - INFO - Respose are : Thank you for reaching out! I'm here to assist you with checking the status of your order with the order number {{Order Number}}. To provide you with the most accurate information, could you please confirm if this is the correct order number? Once verified, I will be able to check the status and provide you with the details.
[ 2025-07-26 16:14:49,464 ] 46 root - INFO - Enterd into initiate predict model
[ 2025-07-26 16:14:52,598 ] 54 root - INFO - Predicting...
[ 2025-07-26 16:14:52,599 ] 32 root - INFO - Entered response method 
[ 2025-07-26 16:14:52,602 ] 62 root - INFO - Respose are : Thanks for getting in touch! I grasp that you would like to check the estimated time of arrival (ETA) for your purchase with the purchase number {{Order Number}}. To assist you with this, I recommend visiting the '{{Order Tracking}}' section on our website. There, you will be able to view the most up-to-date information regarding the ETA of your purchase. If you encounter any difficulties or have any additional questions, please don't hesitate to let me know. I'm here to ensure you have a smooth and informed shopping experience.
